Listening on port 42167
=== 1) REGISTER ===
[auth] POST /register -> 201 (269ms)
REGISTER status 201 -> {"token":"eyJhbGciOiJIUzI1NiIsInR5cCI6IkpXVCJ9.eyJ1c2VySWQiOiJjMDVhMzM5OC1jN2JlLTRlMWEtODFmZC05M2E4YzUxMzE0NWYiLCJyb2Jsb3hVc2VybmFtZSI6IlRlc3RVc2VyXzg2NjM5NCIsImlzQWRtaW4iOmZhbHNlLCJpYXQiOjE3ODk4NjEzNzksImV4cCI6MTc4OTk0Nzc3OX0.Po5Tlo8aOcoeWQSc4W7D4WTOfQiwLiSeRsqSQ3a4HPA","user":{"id":"c05a3398-c7be-4e1a-81fd-93a8c513145f","robloxUsername":"TestUser_866394","displayName":"Display 866394","avatar":"","robloxUserId":null,"avatarCachedAt":0,"balance":1000,"totalDeposited":0,"totalWithdrawn":0,"gamesPlayed":0,"gamesWon":0,"gamesLost":0,"isAdmin":false,"isActive":true,"isFrozen":false,"isBanned":false,"lastLogin":"2026-09-19T23:42:59.537Z","createdAt":"2026-09-19T23:42:59.537Z","updatedAt":"2026-09-19T23:42:59.538Z"}}
=== 2) LOGIN with WRONG password ===
[auth] POST /login -> 400 (331ms)
BAD status 400 -> {"message":"Invalid credentials"}
=== 3) LOGIN with CORRECT password ===
[auth] POST /login -> 200 (341ms)
GOOD status 200 -> {"token":"eyJhbGciOiJIUzI1NiIsInR5cCI6IkpXVCJ9.eyJ1c2VySWQiOiJjMDVhMzM5OC1jN2JlLTRlMWEtODFmZC05M2E4YzUxMzE0NWYiLCJyb2Jsb3hVc2VybmFtZSI6IlRlc3RVc2VyXzg2NjM5NCIsImlzQWRtaW4iOmZhbHNlLCJpYXQiOjE3ODk4NjEzODAsImV4cCI6MTc4OTk0Nzc4MH0.FhrM6fimGZ1pfkIrpDsO5Cb-NezhedD6_0tQWZtzB3A","user":{"id":"c05a3398-c7be-4e1a-81fd-93a8c513145f","robloxUserId":null,"robloxUsername":"TestUser_866394","robloxDisplayName":null,"displayName":"Display 866394","email":"","avatar":"","avatarCachedAt":0,"balance":1000,"lockedB
=== 4) VERIFY TOKEN ===
[auth] POST /verify-token -> 200 (483ms)
VERIFY status 200 -> {"valid":true,"user":{"id":"c05a3398-c7be-4e1a-81fd-93a8c513145f","robloxUsername":"TestUser_866394","displayName":"Display 866394","balance":1000,"isAdmin":false,"avatar":"","robloxUserId":null}}
=== 5) GET USER PROFILE (for avatar + display name) ===
[users] GET /profile/TestUser_866394 -> 200 (219ms)
PROFILE status 200 -> {"avatar":"","displayName":"Display 866394","robloxUserId":null}
=== 6) GET STATS LEADERBOARD ===
[stats] GET /leaderboard -> 200 (2ms)
LB status 200 -> [{"id":"3126638a-23eb-41dd-aa11-dafc61882b2f","robloxUserId":"3454432458","robloxUsername":"POOpPANTSpro","robloxDisplayName":null,"displayName":"RXNDY","avatar":"https://www.roblox.com/headshot-thumbnail/image?userId=3454432458&width=150&height=150&format=png","balance":25000,"gamesPlayed":12,"gamesWon":7,"gamesLost":5,"highestStreak":0,"totalDeposited":5000,"winRate":58.33},{"id":"2","robloxUserId":"987654321","robloxUsername":"AdminUser","robloxDisplayName":null,"displayName":"Admin User","avatar":"https://www.roblox.com/headshot-thumbnail/image?userId=987654321&width=150&height=150&format=
=== DONE ===
